['APIError', 'Any', 'Callable', 'ClientError', 'ExperimentalWarning', 'FunctionInvocationError', 'Optional', 'ServerError', 'TYPE_CHECKING', 'Union', 'UnknownApiResponseError', 'UnknownFunctionCallArgumentError', 'UnsupportedFunctionError', '__builtins__', '__cached__', '__doc__', '__file__', '__loader__', '__name__', '__package__', '__spec__', '_common', 'httpx', 'json', 'requests']
